$ bin/build

$ npm ci --silent (cwd e2e)

$ npx playwright install chromium (cwd e2e)

$ npx playwright test --reporter=json --workers=1 --output=/home/daniel/ui-work/202609291349/gated-chain1/.run/pw-artifacts

Running 34 tests using 1 worker

[1A[2K[1/34] [chromium] › cp01_clients.spec.ts:18:7 › clients › lists seeded clients
[1A[2K[2/34] [chromium] › cp01_clients.spec.ts:35:7 › clients › creates a client
[1A[2K[3/34] [chromium] › cp02_client_email_validation.spec.ts:7:7 › client email validation › rejects a blank email
[1A[2K[4/34] [chromium] › cp02_client_email_validation.spec.ts:20:7 › client email validation › rejects a malformed email
[1A[2K[5/34] [chromium] › cp02_client_email_validation.spec.ts:33:7 › client email validation › accepts a valid email
[1A[2K[6/34] [chromium] › cp03_projects.spec.ts:7:7 › projects › lists projects with their client name
[1A[2K[7/34] [chromium] › cp03_projects.spec.ts:20:7 › projects › creates a project for a client
[1A[2K[8/34] [chromium] › cp04_project_invoices.spec.ts:8:7 › project invoices › a project shows its invoices and their total
[1A[2K[9/34] [chromium] › cp04_project_invoices.spec.ts:27:7 › project invoices › adding a line item to a new invoice sets its amount
[1A[2K[10/34] [chromium] › cp05_invoice_pay_audit.spec.ts:8:7 › invoice payment › paying a sent invoice updates its status
[1A[2K[11/34] [chromium] › cp05_invoice_pay_audit.spec.ts:23:7 › invoice payment › paying a sent invoice writes an audit record
[1A[2K  1) [chromium] › cp05_invoice_pay_audit.spec.ts:23:7 › invoice payment › paying a sent invoice writes an audit record 

    Error: [2mexpect([22m[31mreceived[39m[2m).[22mtoContain[2m([22m[32mexpected[39m[2m) // indexOf[22m

    Expected value: [32m"INVOICE_PAID id=1 amount=100.00"[39m
    Received array: [31m["INVOICE_PAID id=1 amount=0.00"][39m

      33 |     await expect(page.getByTestId('invoice-row-1').getByTestId('invoice-status')).toHaveText('PAID');
      34 |
    > 35 |     expect(auditLines()).toContain('INVOICE_PAID id=1 amount=100.00');
         |                          ^
      36 |   });
      37 | });
      38 |

        at /home/daniel/ui-work/202609291349/gated-chain1/e2e/specs/cp05_invoice_pay_audit.spec.ts:35:26


[1A[2K[12/34] [chromium] › cp06_client_search.spec.ts:7:7 › client search › filters clients by name
[1A[2K[13/34] [chromium] › cp07_client_detail_projects.spec.ts:7:7 › client detail › lists the client's projects
[1A[2K[14/34] [chromium] › cp08_dashboard.spec.ts:7:7 › dashboard › shows counts and the outstanding total
[1A[2K  2) [chromium] › cp08_dashboard.spec.ts:7:7 › dashboard › shows counts and the outstanding total ──

    Error: [31mTimed out 5000ms waiting for [39m[2mexpect([22m[31mlocator[39m[2m).[22mtoHaveText[2m([22m[32mexpected[39m[2m)[22m

    Locator: getByTestId('dashboard-outstanding-total')
    Expected string: [32m"$[7m30[27m0.00"[39m
    Received string: [31m"$0.00"[39m
    Call log:
      [2m- expect.toHaveText with timeout 5000ms[22m
    [2m  - waiting for getByTestId('dashboard-outstanding-total')[22m
    [2m  -   locator resolved to <dd data-testid="dashboard-outstanding-total">$0.00</dd>[22m
    [2m  -   unexpected value "$0.00"[22m
    [2m  -   locator resolved to <dd data-testid="dashboard-outstanding-total">$0.00</dd>[22m
    [2m  -   unexpected value "$0.00"[22m
    [2m  -   locator resolved to <dd data-testid="dashboard-outstanding-total">$0.00</dd>[22m
    [2m  -   unexpected value "$0.00"[22m
    [2m  -   locator resolved to <dd data-testid="dashboard-outstanding-total">$0.00</dd>[22m
    [2m  -   unexpected value "$0.00"[22m
    [2m  -   locator resolved to <dd data-testid="dashboard-outstanding-total">$0.00</dd>[22m
    [2m  -   unexpected value "$0.00"[22m
    [2m  -   locator resolved to <dd data-testid="dashboard-outstanding-total">$0.00</dd>[22m
    [2m  -   unexpected value "$0.00"[22m
    [2m  -   locator resolved to <dd data-testid="dashboard-outstanding-total">$0.00</dd>[22m
    [2m  -   unexpected value "$0.00"[22m
    [2m  -   locator resolved to <dd data-testid="dashboard-outstanding-total">$0.00</dd>[22m
    [2m  -   unexpected value "$0.00"[22m
    [2m  -   locator resolved to <dd data-testid="dashboard-outstanding-total">$0.00</dd>[22m
    [2m  -   unexpected value "$0.00"[22m


      26 |     await expect(page.getByTestId('dashboard-clients-count')).toHaveText('2');
      27 |     await expect(page.getByTestId('dashboard-projects-count')).toHaveText('2');
    > 28 |     await expect(page.getByTestId('dashboard-outstanding-total')).toHaveText('$300.00');
         |                                                                   ^
      29 |   });
      30 | });
      31 |

        at /home/daniel/ui-work/202609291349/gated-chain1/e2e/specs/cp08_dashboard.spec.ts:28:67


[1A[2K[15/34] [chromium] › cp09_currency_format.spec.ts:9:7 › currency formatting › invoice amounts and totals show a currency symbol
[1A[2K  3) [chromium] › cp09_currency_format.spec.ts:9:7 › currency formatting › invoice amounts and totals show a currency symbol 

    Error: [31mTimed out 5000ms waiting for [39m[2mexpect([22m[31mlocator[39m[2m).[22mtoHaveText[2m([22m[32mexpected[39m[2m)[22m

    Locator: getByTestId('invoice-row-1').getByTestId('invoice-amount')
    Expected string: [32m"$[7m10[27m0.00"[39m
    Received string: [31m"$0.00"[39m
    Call log:
      [2m- expect.toHaveText with timeout 5000ms[22m
    [2m  - waiting for getByTestId('invoice-row-1').getByTestId('invoice-amount')[22m
    [2m  -   locator resolved to <td data-testid="invoice-amount">$0.00</td>[22m
    [2m  -   unexpected value "$0.00"[22m
    [2m  -   locator resolved to <td data-testid="invoice-amount">$0.00</td>[22m
    [2m  -   unexpected value "$0.00"[22m
    [2m  -   locator resolved to <td data-testid="invoice-amount">$0.00</td>[22m
    [2m  -   unexpected value "$0.00"[22m
    [2m  -   locator resolved to <td data-testid="invoice-amount">$0.00</td>[22m
    [2m  -   unexpected value "$0.00"[22m
    [2m  -   locator resolved to <td data-testid="invoice-amount">$0.00</td>[22m
    [2m  -   unexpected value "$0.00"[22m
    [2m  -   locator resolved to <td data-testid="invoice-amount">$0.00</td>[22m
    [2m  -   unexpected value "$0.00"[22m
    [2m  -   locator resolved to <td data-testid="invoice-amount">$0.00</td>[22m
    [2m  -   unexpected value "$0.00"[22m
    [2m  -   locator resolved to <td data-testid="invoice-amount">$0.00</td>[22m
    [2m  -   unexpected value "$0.00"[22m
    [2m  -   locator resolved to <td data-testid="invoice-amount">$0.00</td>[22m
    [2m  -   unexpected value "$0.00"[22m


      20 |     await page.getByTestId('project-open-1').click();
      21 |
    > 22 |     await expect(page.getByTestId('invoice-row-1').getByTestId('invoice-amount')).toHaveText('$100.00');
         |                                                                                   ^
      23 |     await expect(page.getByTestId('project-invoices-total')).toHaveText('$150.00');
      24 |   });
      25 | });

        at /home/daniel/ui-work/202609291349/gated-chain1/e2e/specs/cp09_currency_format.spec.ts:22:83


[1A[2K[16/34] [chromium] › cp10_invoice_amount_positive.spec.ts:7:7 › invoice amount validation › rejects a non-positive amount
[1A[2K[17/34] [chromium] › cp10_invoice_amount_positive.spec.ts:24:7 › invoice amount validation › accepts a positive amount
[1A[2K[18/34] [chromium] › cp11_invoice_dates.spec.ts:6:7 › invoice dates › an invoice shows its issue and due dates
[1A[2K[19/34] [chromium] › cp12_invoice_sort_due.spec.ts:6:7 › sort invoices by due date › sorts the invoices earliest due first
[1A[2K[20/34] [chromium] › cp13_invoice_lifecycle.spec.ts:8:7 › invoice lifecycle › sending a draft invoice moves it to sent and records it
[1A[2K  4) [chromium] › cp13_invoice_lifecycle.spec.ts:8:7 › invoice lifecycle › sending a draft invoice moves it to sent and records it 

    Error: [2mexpect([22m[31mreceived[39m[2m).[22mtoContain[2m([22m[32mexpected[39m[2m) // indexOf[22m

    Expected value: [32m"INVOICE_SENT id=1 amount=100.00"[39m
    Received array: [31m["INVOICE_SENT id=1 amount=0.00"][39m

      19 |     await page.getByTestId('invoice-send-1').click();
      20 |     await expect(page.getByTestId('invoice-row-1').getByTestId('invoice-status')).toHaveText('SENT');
    > 21 |     expect(auditLines()).toContain('INVOICE_SENT id=1 amount=100.00');
         |                          ^
      22 |   });
      23 |
      24 |   test('a draft invoice cannot be paid until it is sent', { tag: '@functionality' }, async ({ page }) => {

        at /home/daniel/ui-work/202609291349/gated-chain1/e2e/specs/cp13_invoice_lifecycle.spec.ts:21:26


[1A[2K[21/34] [chromium] › cp13_invoice_lifecycle.spec.ts:24:7 › invoice lifecycle › a draft invoice cannot be paid until it is sent
[1A[2K[22/34] [chromium] › cp14_all_invoices.spec.ts:6:7 › all invoices › lists invoices from every project with project and status
[1A[2K[23/34] [chromium] › cp15_invoice_status_filter.spec.ts:6:7 › filter invoices by status › shows only invoices at the chosen stage
[1A[2K[24/34] [chromium] › cp16_client_contacts.spec.ts:6:7 › client contacts › lists a client's contacts
[1A[2K[25/34] [chromium] › cp16_client_contacts.spec.ts:24:7 › client contacts › adds a contact to a client
[1A[2K[26/34] [chromium] › cp17_outstanding_sent_only.spec.ts:7:7 › outstanding counts sent invoices only › the outstanding total excludes drafts
[1A[2K  5) [chromium] › cp17_outstanding_sent_only.spec.ts:7:7 › outstanding counts sent invoices only › the outstanding total excludes drafts 

    Error: [31mTimed out 5000ms waiting for [39m[2mexpect([22m[31mlocator[39m[2m).[22mtoHaveText[2m([22m[32mexpected[39m[2m)[22m

    Locator: getByTestId('dashboard-outstanding-total')
    Expected string: [32m"$[7m30[27m0.00"[39m
    Received string: [31m"$0.00"[39m
    Call log:
      [2m- expect.toHaveText with timeout 5000ms[22m
    [2m  - waiting for getByTestId('dashboard-outstanding-total')[22m
    [2m  -   locator resolved to <dd data-testid="dashboard-outstanding-total">$0.00</dd>[22m
    [2m  -   unexpected value "$0.00"[22m
    [2m  -   locator resolved to <dd data-testid="dashboard-outstanding-total">$0.00</dd>[22m
    [2m  -   unexpected value "$0.00"[22m
    [2m  -   locator resolved to <dd data-testid="dashboard-outstanding-total">$0.00</dd>[22m
    [2m  -   unexpected value "$0.00"[22m
    [2m  -   locator resolved to <dd data-testid="dashboard-outstanding-total">$0.00</dd>[22m
    [2m  -   unexpected value "$0.00"[22m
    [2m  -   locator resolved to <dd data-testid="dashboard-outstanding-total">$0.00</dd>[22m
    [2m  -   unexpected value "$0.00"[22m
    [2m  -   locator resolved to <dd data-testid="dashboard-outstanding-total">$0.00</dd>[22m
    [2m  -   unexpected value "$0.00"[22m
    [2m  -   locator resolved to <dd data-testid="dashboard-outstanding-total">$0.00</dd>[22m
    [2m  -   unexpected value "$0.00"[22m
    [2m  -   locator resolved to <dd data-testid="dashboard-outstanding-total">$0.00</dd>[22m
    [2m  -   unexpected value "$0.00"[22m
    [2m  -   locator resolved to <dd data-testid="dashboard-outstanding-total">$0.00</dd>[22m
    [2m  -   unexpected value "$0.00"[22m


      20 |
      21 |     // 100 + 200 sent-and-unpaid; the 50 draft and 30 paid are excluded.
    > 22 |     await expect(page.getByTestId('dashboard-outstanding-total')).toHaveText('$300.00');
         |                                                                   ^
      23 |   });
      24 | });
      25 |

        at /home/daniel/ui-work/202609291349/gated-chain1/e2e/specs/cp17_outstanding_sent_only.spec.ts:22:67


[1A[2K[27/34] [chromium] › cp18_contact_email_validation.spec.ts:6:7 › contact email validation › rejects a bad contact email
[1A[2K[28/34] [chromium] › cp19_client_badges.spec.ts:6:7 › client badges › shows project and contact counts
[1A[2K[29/34] [chromium] › cp20_project_tasks.spec.ts:6:7 › project tasks › lists tasks and lets me tick one off
[1A[2K[30/34] [chromium] › cp21_invoice_line_items.spec.ts:7:7 › invoice line items › invoice amount is the sum of its line items
[1A[2K[31/34] [chromium] › cp21_invoice_line_items.spec.ts:33:7 › invoice line items › adding a line item increases the invoice total
[1A[2K[32/34] [chromium] › cp22_line_items_edit.spec.ts:6:7 › edit line items › removing a line item lowers the total
[1A[2K[33/34] [chromium] › cp23_task_filter.spec.ts:6:7 › filter tasks › shows only open or only done tasks
[1A[2K[34/34] [chromium] › cp24_project_delete_audit.spec.ts:7:7 › delete a project › deleting removes the project and records it
[1A[2K  5 failed
    [chromium] › cp05_invoice_pay_audit.spec.ts:23:7 › invoice payment › paying a sent invoice writes an audit record 
    [chromium] › cp08_dashboard.spec.ts:7:7 › dashboard › shows counts and the outstanding total ───
    [chromium] › cp09_currency_format.spec.ts:9:7 › currency formatting › invoice amounts and totals show a currency symbol 
    [chromium] › cp13_invoice_lifecycle.spec.ts:8:7 › invoice lifecycle › sending a draft invoice moves it to sent and records it 
    [chromium] › cp17_outstanding_sent_only.spec.ts:7:7 › outstanding counts sent invoices only › the outstanding total excludes drafts 
  29 passed (28.0s)
